src/main/index.ts(1,30): error TS6133: 'ipcMain' is declared but its value is never read.
src/main/menu.ts(3,31): error TS6133: 'mainWindow' is declared but its value is never read.
src/renderer/App.tsx(14,18): error TS6133: 'toggleTheme' is declared but its value is never read.
src/renderer/components/layout/StatusBar.tsx(1,1): error TS6192: All imports in import declaration are unused.
src/renderer/pages/ChatPage.tsx(11,27): error TS6133: 'Loader2' is declared but its value is never read.
src/renderer/pages/ChatPage.tsx(87,9): error TS2353: Object literal may only specify known properties, and 'infer_backend' does not exist in type '{ model_path: string; finetuning_type?: string | undefined; }'.
src/renderer/pages/EvaluatePage.tsx(11,1): error TS6133: 'api' is declared but its value is never read.
src/renderer/pages/MonitorPage.tsx(5,27): error TS6133: 'XAxis' is declared but its value is never read.
src/renderer/pages/MonitorPage.tsx(19,25): error TS2339: Property 'refetch' does not exist on type '{ stats: SystemStats | undefined; isLoading: boolean; error: Error | null; refresh: (options?: RefetchOptions | undefined) => Promise<QueryObserverResult<SystemStats, Error>>; }'.
src/renderer/pages/MonitorPage.tsx(19,52): error TS2345: Argument of type '2000 | null' is not assignable to parameter of type 'number | undefined'.
  Type 'null' is not assignable to type 'number | undefined'.
src/renderer/pages/MonitorPage.tsx(64,52): error TS2322: Type 'Error' is not assignable to type 'ReactNode'.
src/renderer/pages/MonitorPage.tsx(110,71): error TS2339: Property 'processor' does not exist on type 'CPUStats'.
src/renderer/pages/MonitorPage.tsx(110,92): error TS2339: Property 'processor' does not exist on type 'CPUStats'.
src/renderer/pages/MonitorPage.tsx(114,56): error TS2339: Property 'logical_cores' does not exist on type 'CPUStats'.
src/renderer/pages/MonitorPage.tsx(222,36): error TS2551: Property 'memory_used_mb' does not exist on type 'GPUStats'. Did you mean 'memory_used_gb'?
src/renderer/pages/MonitorPage.tsx(222,80): error TS2551: Property 'memory_total_mb' does not exist on type 'GPUStats'. Did you mean 'memory_total_gb'?
src/renderer/pages/MonitorPage.tsx(226,41): error TS2551: Property 'memory_used_mb' does not exist on type 'GPUStats'. Did you mean 'memory_used_gb'?
src/renderer/pages/MonitorPage.tsx(226,66): error TS2551: Property 'memory_total_mb' does not exist on type 'GPUStats'. Did you mean 'memory_total_gb'?
src/renderer/pages/MonitorPage.tsx(240,74): error TS2339: Property 'temperature_c' does not exist on type 'GPUStats'.
src/renderer/pages/MonitorPage.tsx(275,90): error TS2339: Property 'fstype' does not exist on type 'DiskStats'.
src/renderer/pages/MonitorPage.tsx(277,79): error TS2551: Property 'mountpoint' does not exist on type 'DiskStats'. Did you mean 'mount_point'?
src/renderer/pages/TrainPage.tsx(135,19): error TS6133: 'progress' is declared but its value is never read.
src/renderer/pages/TrainPage.tsx(1059,82): error TS2339: Property 'progress' does not exist on type '"running"'.
src/renderer/pages/TrainPage.tsx(1061,40): error TS2339: Property 'progress' does not exist on type '"running"'.
